[15:34:42] [main/INFO]: Loading Minecraft 1.21.10 with Fabric Loader 0.17.3
[15:34:43] [ForkJoinPool-1-worker-2/WARN]: Mod moredelight uses the version 25.07.28a-1.21.7-fabric which isn't compatible with Loader's extended semantic version format (Could not parse version number component '28a'!), SemVer is recommended for reliably evaluating dependencies and prioritizing newer version
[15:34:43] [main/INFO]: Loading 154 mods:
	- appleskin 3.0.7+mc1.21.9
	- architectury 18.0.6
	- balm 21.10.8
	   \-- kuma_api 21.10.5
	- bending 3.14.0
	   |-- adventure-platform-fabric 6.7.0
	   |    |-- net_kyori_adventure-api 4.25.0
	   |    |-- net_kyori_adventure-key 4.25.0
	   |    |-- net_kyori_adventure-platform-api 4.4.1
	   |    |-- net_kyori_adventure-platform-mod-shared-fabric-repack 6.7.0
	   |    |-- net_kyori_adventure-text-logger-slf4j 4.25.0
	   |    |-- net_kyori_adventure-text-minimessage 4.25.0
	   |    |-- net_kyori_adventure-text-serializer-ansi 4.25.0
	   |    |-- net_kyori_adventure-text-serializer-gson 4.25.0
	   |    |-- net_kyori_adventure-text-serializer-json 4.25.0
	   |    |-- net_kyori_adventure-text-serializer-plain 4.25.0
	   |    |-- net_kyori_ansi 1.1.1
	   |    |-- net_kyori_examination-api 1.3.0
	   |    |-- net_kyori_examination-string 1.3.0
	   |    \-- net_kyori_option 1.1.0
	   |-- cloud 2.0.0-beta.13
	   |    |-- io_leangen_geantyref_geantyref 1.3.15
	   |    |-- org_incendo_cloud-brigadier 2.0.0-beta.11
	   |    |-- org_incendo_cloud-core 2.0.0
	   |    |-- org_incendo_cloud-minecraft-modded-common-fabric-repack 2.0.0-beta.13
	   |    \-- org_incendo_cloud-services 2.0.0
	   |-- fabric-permissions-api-v0 0.5.0
	   |-- org_incendo_cloud-minecraft-extras 2.0.0-beta.12
	   |-- org_spongepowered_configurate-core 4.2.0
	   |-- org_spongepowered_configurate-gson 4.2.0
	   |-- org_spongepowered_configurate-hocon 4.2.0
	   \-- sgui 1.11.0+1.21.9
	- betterenchanting 1.21.10-1.5.0
	   \-- midnightlib 1.8.3
	- chisel 2.2.0+mc1.21.10
	- cloth-config 20.0.149
	   \-- cloth-basic-math 0.6.1
	- comforts 13.0.1+1.21.10
	   |-- cardinal-components-base 7.2.0
	   |-- cardinal-components-entity 7.2.0
	   \-- spectrelib 0.19.1+1.21.10
	        |-- com_electronwill_night-config_core 3.8.3
	        \-- com_electronwill_night-config_toml 3.8.3
	- cookingforblockheads 21.10.2
	- cryonicconfig 1.0.0+mc1.21.10
	- disconnect-packet-fix 2.0.0
	- explorerscompass 1.21.10-2.2.7-fabric
	- fabric-api 0.138.3+1.21.10
	   |-- fabric-api-base 1.0.0+14b92d896f
	   |-- fabric-api-lookup-api-v1 1.6.106+d17682156f
	   |-- fabric-biome-api-v1 16.1.0+c2417d4f6f
	   |-- fabric-block-api-v1 1.1.5+d17682156f
	   |-- fabric-block-view-api-v2 1.0.34+e4fd1b926f
	   |-- fabric-command-api-v2 2.4.0+c0ab2d5d6f
	   |-- fabric-content-registries-v0 10.2.6+b6a242646f
	   |-- fabric-convention-tags-v1 2.1.49+7f945d5b6f
	   |-- fabric-convention-tags-v2 2.17.0+ff7bc77d6f
	   |-- fabric-crash-report-info-v1 0.3.18+33df5e6e6f
	   |-- fabric-data-attachment-api-v1 1.8.33+cd3b9e596f
	   |-- fabric-data-generation-api-v1 23.2.27+d8b85ef16f
	   |-- fabric-dimensions-v1 4.0.22+38b9cc196f
	   |-- fabric-entity-events-v1 2.1.13+fde3702c6f
	   |-- fabric-events-interaction-v0 4.0.36+5ba217126f
	   |-- fabric-game-rule-api-v1 1.1.1+e47eaae56f
	   |-- fabric-item-api-v1 11.5.11+9bce411b6f
	   |-- fabric-item-group-api-v1 4.2.27+86b3ae576f
	   |-- fabric-key-binding-api-v1 1.1.1+b3ba9c486f
	   |-- fabric-lifecycle-events-v1 2.6.9+33df5e6e6f
	   |-- fabric-loot-api-v2 3.0.67+3f89f5a56f
	   |-- fabric-loot-api-v3 2.0.14+d17682156f
	   |-- fabric-message-api-v1 6.1.7+3154c1c86f
	   |-- fabric-model-loading-api-v1 6.0.4+3ffd6ef06f
	   |-- fabric-networking-api-v1 5.1.0+b095d8db6f
	   |-- fabric-object-builder-api-v1 21.1.28+9bce411b6f
	   |-- fabric-particles-v1 4.2.3+a0ee59a46f
	   |-- fabric-recipe-api-v1 8.2.0+39709ef06f
	   |-- fabric-registry-sync-v0 6.1.42+679c8c5c6f
	   |-- fabric-renderer-api-v1 7.2.2+3706cdf36f
	   |-- fabric-renderer-indigo 4.1.3+d7df91576f
	   |-- fabric-rendering-fluids-v1 3.1.38+86b3ae576f
	   |-- fabric-rendering-v1 16.2.0+bee81f016f
	   |-- fabric-resource-conditions-api-v1 5.0.28+33df5e6e6f
	   |-- fabric-resource-loader-v0 3.3.1+d4d4122a6f
	   |-- fabric-resource-loader-v1 1.0.4+14959b836f
	   |-- fabric-screen-api-v1 3.1.0+9c82a7986f
	   |-- fabric-screen-handler-api-v1 1.3.151+d17682156f
	   |-- fabric-serialization-api-v1 1.0.0+d857c9766f
	   |-- fabric-sound-api-v1 1.0.45+328a75ba6f
	   |-- fabric-tag-api-v1 1.2.13+2fa446b26f
	   |-- fabric-transfer-api-v1 6.0.15+79ec2c126f
	   \-- fabric-transitive-access-wideners-v1 6.5.3+41eb43436f
	- fabric-language-kotlin 1.13.7+kotlin.2.2.21
	   |-- org_jetbrains_kotlin_kotlin-reflect 2.2.21
	   |-- org_jetbrains_kotlin_kotlin-stdlib 2.2.21
	   |-- org_jetbrains_kotlin_kotlin-stdlib-jdk7 2.2.21
	   |-- org_jetbrains_kotlin_kotlin-stdlib-jdk8 2.2.21
	   |-- org_jetbrains_kotlinx_atomicfu-jvm 0.29.0
	   |-- org_jetbrains_kotlinx_kotlinx-coroutines-core-jvm 1.10.2
	   |-- org_jetbrains_kotlinx_kotlinx-coroutines-jdk8 1.10.2
	   |-- org_jetbrains_kotlinx_kotlinx-datetime-jvm 0.7.1
	   |-- org_jetbrains_kotlinx_kotlinx-io-bytestring-jvm 0.8.0
	   |-- org_jetbrains_kotlinx_kotlinx-io-core-jvm 0.8.0
	   |-- org_jetbrains_kotlinx_kotlinx-serialization-cbor-jvm 1.9.0
	   |-- org_jetbrains_kotlinx_kotlinx-serialization-core-jvm 1.9.0
	   \-- org_jetbrains_kotlinx_kotlinx-serialization-json-jvm 1.9.0
	- fabricloader 0.17.3
	   \-- mixinextras 0.5.0
	- farmersdelight 1.21.10-3.4.1+refabricated
	   \-- mm 2.3
	- fastleafdecay 36
	- framework 0.13.2
	   |-- org_javassist_javassist 3.29.2-GA
	   \-- org_reflections_reflections 0.10.2
	- java 21
	- jei 26.1.0.16
	- kleeslabs 21.10.1
	- lithium 0.20.0+mc1.21.10
	- luckperms 5.5.20
	   \-- fabric-permissions-api-v0 0.5.0
	- luckperms-placeholders 5.4-SNAPSHOT
	- minecraft 1.21.10
	- minimotd-fabric 2.2.1
	   \-- adventure-platform-fabric 6.7.0
	        |-- net_kyori_adventure-api 4.25.0
	        |-- net_kyori_adventure-key 4.25.0
	        |-- net_kyori_adventure-platform-api 4.4.1
	        |-- net_kyori_adventure-platform-mod-shared-fabric-repack 6.7.0
	        |-- net_kyori_adventure-text-logger-slf4j 4.25.0
	        |-- net_kyori_adventure-text-minimessage 4.25.0
	        |-- net_kyori_adventure-text-serializer-ansi 4.25.0
	        |-- net_kyori_adventure-text-serializer-gson 4.25.0
	        |-- net_kyori_adventure-text-serializer-json 4.25.0
	        |-- net_kyori_adventure-text-serializer-plain 4.25.0
	        |-- net_kyori_ansi 1.1.1
	        |-- net_kyori_examination-api 1.3.0
	        |-- net_kyori_examination-string 1.3.0
	        \-- net_kyori_option 1.1.0
	- moredelight 25.07.28a-1.21.7-fabric
	- mr_neoenchant 5.12.2
	- naturescompass 1.21.10-2.2.9-fabric
	- placeholder-api 2.8.1+1.21.10
	- polymer-bundled 0.14.3+1.21.10
	   |-- polymer-autohost 0.14.3+1.21.10
	   |-- polymer-blocks 0.14.3+1.21.10
	   |-- polymer-common 0.14.3+1.21.10
	   |    \-- packet_tweaker 0.6.0+1.21.10
	   |-- polymer-core 0.14.3+1.21.10
	   |    |-- polymer-networking 0.14.3+1.21.10
	   |    |    \-- polymer-common 0.14.3+1.21.10
	   |    |         \-- packet_tweaker 0.6.0+1.21.10
	   |    \-- polymer-registry-sync-manipulator 0.14.3+1.21.10
	   |-- polymer-resource-pack 0.14.3+1.21.10
	   |    \-- polymer-common 0.14.3+1.21.10
	   |         \-- packet_tweaker 0.6.0+1.21.10
	   |-- polymer-resource-pack-extras 0.14.3+1.21.10
	   |-- polymer-sound-patcher 0.14.3+1.21.10
	   \-- polymer-virtual-entity 0.14.3+1.21.10
	        \-- polymer-common 0.14.3+1.21.10
	             \-- packet_tweaker 0.6.0+1.21.10
	- refurbished_furniture 1.0.20
	- styledchat 2.10.0+1.21.9
	   |-- player-data-api 0.9.0+1.21.9
	   \-- predicate-api 0.6.1+1.21.9
	- styledplayerlist 3.9.0+1.21.9
	   |-- player-data-api 0.9.0+1.21.9
	   \-- predicate-api 0.6.1+1.21.9
	- universal_shops 1.12.0+1.21.9
	   |-- common-economy-api 1.1.1
	   |-- common-protection-api 1.0.0
	   |-- server_translations_api 2.5.2+1.21.9-pre3
	   \-- sgui 1.11.0+1.21.9
	- voicechat 1.21.10-2.6.6
	   |-- fabric-key-binding-api-v1 1.1.1+b3ba9c4868
	   |-- fabric-rendering-v1 16.0.1+328a75ba68
	   \-- voicechat_api 2.6.0
	- waystones 21.10.3
	- xaeromaps_waystones 1.0.6
	- xaerominimap 25.2.15
	- xaeroworldmap 1.39.17
	- yet_another_config_lib_v3 3.8.0+1.21.9-fabric
	   |-- com_twelvemonkeys_common_common-image 3.12.0
	   |-- com_twelvemonkeys_common_common-io 3.12.0
	   |-- com_twelvemonkeys_common_common-lang 3.12.0
	   |-- com_twelvemonkeys_imageio_imageio-core 3.12.0
	   |-- com_twelvemonkeys_imageio_imageio-metadata 3.12.0
	   |-- com_twelvemonkeys_imageio_imageio-webp 3.12.0
	   |-- org_quiltmc_parsers_gson 0.2.1
	   \-- org_quiltmc_parsers_json 0.2.1
[15:34:43] [main/INFO]: SpongePowered MIXIN Subsystem Version=0.8.7 Source=file:/home/bruggles/btrfcccobmc_server/libraries/net/fabricmc/sponge-mixin/0.16.5+mixin.0.8.7/sponge-mixin-0.16.5+mixin.0.8.7.jar Service=Knot/Fabric Env=SERVER
[15:34:43] [main/INFO]: Compatibility level set to JAVA_21
[15:34:43] [main/WARN]: Reference map 'comforts.refmap.json' for comforts.mixins.json could not be read. If this is a development environment you can ignore this message
[15:34:43] [main/WARN]: Reference map 'kleeslabs.refmap.json' for kleeslabs.mixins.json could not be read. If this is a development environment you can ignore this message
[15:34:43] [main/WARN]: Reference map 'kleeslabs.refmap.json' for kleeslabs.fabric.mixins.json could not be read. If this is a development environment you can ignore this message
[15:34:43] [main/INFO]: Loaded configuration file for Lithium: 163 options available, 0 override(s) found.
[15:34:43] [main/WARN]: Reference map 'yet_another_config_lib_v3.refmap.json' for yacl.mixins.json could not be read. If this is a development environment you can ignore this message
[15:34:43] [main/WARN]: Reference map 'yet_another_config_lib_v3.refmap.json' for yacl-fabric.mixins.json could not be read. If this is a development environment you can ignore this message
[15:34:44] [main/WARN]: Error loading class: net/minecraft/class_9934 (java.lang.ClassNotFoundException: net/minecraft/class_9934)
[15:34:44] [main/WARN]: @Mixin target net.minecraft.class_9934 was not found farmersdelight.mixins.json:refabricated.GhostSlotsInvoker from mod farmersdelight
[15:34:44] [main/INFO]: Initializing MixinExtras via com.llamalad7.mixinextras.service.MixinExtrasServiceImpl(version=0.5.0).
[15:34:55] [main/INFO]: Registering conditions for : BetterEnchanting
[15:34:55] [main/INFO]: Registering mod iems for : BetterEnchanting
[15:34:55] [main/INFO]: Registering mod screen handlers for : BetterEnchanting
[15:34:55] [main/INFO]: Registering mod enchantment tags for : BetterEnchanting
[15:34:55] [main/INFO]: Creating enchantement ingredient map for mod : BetterEnchanting
[15:34:55] [main/INFO]: Generating item tags for mod : BetterEnchanting
[15:34:55] [main/INFO]: Registering loot tables for BetterEnchanting
[15:34:55] [main/INFO]: Modifying loot tables for : BetterEnchanting
[15:34:56] [main/INFO]: Disconnect Packet Fix has started.
[15:34:56] [main/INFO]: Loaded config farmersdelight-common.json
[15:34:56] [main/INFO]: [STDOUT]: [FLD] Config loaded: delay 4–12 ticks
[15:34:56] [main/INFO]: Reflections took 231 ms to scan 2 urls, producing 12 keys and 157 values
[15:34:57] [main/INFO]: Registered synced data key refurbished_furniture:lock_yaw for refurbished_furniture:seat
[15:34:58] [main/INFO]: Definitely not up to no good
[15:34:58] [main/INFO]: [voicechat] Compatibility version 20
[15:34:58] [main/INFO]: [voicechat] Loading plugins
[15:34:58] [main/INFO]: [voicechat] Loaded 0 plugin(s)
[15:34:58] [main/INFO]: [voicechat] Initializing plugins
[15:34:58] [main/INFO]: [voicechat] Initialized 0 plugin(s)
[15:34:58] [main/INFO]: Deserializing Config from './config/xaeromaps_waystones.json5'
[15:34:58] [main/ERROR]: Failed to start the minecraft server
java.lang.RuntimeException: Could not execute entrypoint stage 'main' due to errors, provided by 'minimotd-fabric' at 'xyz.jpenilla.minimotd.fabric.MiniMOTDFabric'!
	at net.fabricmc.loader.impl.FabricLoaderImpl.lambda$invokeEntrypoints$0(FabricLoaderImpl.java:409) ~[fabric-loader-0.17.3.jar:?]
	at net.fabricmc.loader.impl.util.ExceptionUtil.gatherExceptions(ExceptionUtil.java:33) ~[fabric-loader-0.17.3.jar:?]
	at net.fabricmc.loader.impl.FabricLoaderImpl.invokeEntrypoints(FabricLoaderImpl.java:407) ~[fabric-loader-0.17.3.jar:?]
	at net.fabricmc.loader.impl.game.minecraft.Hooks.startServer(Hooks.java:63) ~[fabric-loader-0.17.3.jar:?]
	at knot/net.minecraft.server.Main.main(Main.java:112) [server-intermediary.jar:?]
	at net.fabricmc.loader.impl.game.minecraft.MinecraftGameProvider.launch(MinecraftGameProvider.java:506) [fabric-loader-0.17.3.jar:?]
	at net.fabricmc.loader.impl.launch.knot.Knot.launch(Knot.java:72) [fabric-loader-0.17.3.jar:?]
	at net.fabricmc.loader.impl.launch.knot.KnotServer.main(KnotServer.java:23) [fabric-loader-0.17.3.jar:?]
	at net.fabricmc.loader.impl.launch.server.FabricServerLauncher.main(FabricServerLauncher.java:69) [fabric-loader-0.17.3.jar:?]
Caused by: net.fabricmc.loader.api.EntrypointException: Exception while loading entries for entrypoint 'main' provided by 'minimotd-fabric'
	at net.fabricmc.loader.impl.entrypoint.EntrypointContainerImpl.getEntrypoint(EntrypointContainerImpl.java:56) ~[fabric-loader-0.17.3.jar:?]
	at net.fabricmc.loader.impl.FabricLoaderImpl.invokeEntrypoints(FabricLoaderImpl.java:405) ~[fabric-loader-0.17.3.jar:?]
	... 6 more
Caused by: net.fabricmc.loader.api.LanguageAdapterException: java.lang.reflect.InvocationTargetException
	at net.fabricmc.loader.impl.util.DefaultLanguageAdapter.create(DefaultLanguageAdapter.java:60) ~[fabric-loader-0.17.3.jar:?]
	at net.fabricmc.loader.impl.entrypoint.EntrypointStorage$NewEntry.getOrCreate(EntrypointStorage.java:124) ~[fabric-loader-0.17.3.jar:?]
	at net.fabricmc.loader.impl.entrypoint.EntrypointContainerImpl.getEntrypoint(EntrypointContainerImpl.java:53) ~[fabric-loader-0.17.3.jar:?]
	at net.fabricmc.loader.impl.FabricLoaderImpl.invokeEntrypoints(FabricLoaderImpl.java:405) ~[fabric-loader-0.17.3.jar:?]
	... 6 more
Caused by: java.lang.reflect.InvocationTargetException
	at java.base/jdk.internal.reflect.DirectConstructorHandleAccessor.newInstance(DirectConstructorHandleAccessor.java:74) ~[?:?]
	at java.base/java.lang.reflect.Constructor.newInstanceWithCaller(Constructor.java:502) ~[?:?]
	at java.base/java.lang.reflect.Constructor.newInstance(Constructor.java:486) ~[?:?]
	at net.fabricmc.loader.impl.util.DefaultLanguageAdapter.create(DefaultLanguageAdapter.java:58) ~[fabric-loader-0.17.3.jar:?]
	at net.fabricmc.loader.impl.entrypoint.EntrypointStorage$NewEntry.getOrCreate(EntrypointStorage.java:124) ~[fabric-loader-0.17.3.jar:?]
	at net.fabricmc.loader.impl.entrypoint.EntrypointContainerImpl.getEntrypoint(EntrypointContainerImpl.java:53) ~[fabric-loader-0.17.3.jar:?]
	at net.fabricmc.loader.impl.FabricLoaderImpl.invokeEntrypoints(FabricLoaderImpl.java:405) ~[fabric-loader-0.17.3.jar:?]
	... 6 more
Caused by: java.lang.IllegalStateException: Failed to load MiniMOTD. Ensure your config files are without errors.
	at knot/xyz.jpenilla.minimotd.common.MiniMOTD.<init>(MiniMOTD.java:54) ~[minimotd-fabric-mc1.21.10-2.2.1.jar:?]
	at knot/xyz.jpenilla.minimotd.fabric.MiniMOTDFabric.<init>(MiniMOTDFabric.java:57) ~[minimotd-fabric-mc1.21.10-2.2.1.jar:?]
	at java.base/jdk.internal.reflect.DirectConstructorHandleAccessor.newInstance(DirectConstructorHandleAccessor.java:62) ~[?:?]
	at java.base/java.lang.reflect.Constructor.newInstanceWithCaller(Constructor.java:502) ~[?:?]
	at java.base/java.lang.reflect.Constructor.newInstance(Constructor.java:486) ~[?:?]
	at net.fabricmc.loader.impl.util.DefaultLanguageAdapter.create(DefaultLanguageAdapter.java:58) ~[fabric-loader-0.17.3.jar:?]
	at net.fabricmc.loader.impl.entrypoint.EntrypointStorage$NewEntry.getOrCreate(EntrypointStorage.java:124) ~[fabric-loader-0.17.3.jar:?]
	at net.fabricmc.loader.impl.entrypoint.EntrypointContainerImpl.getEntrypoint(EntrypointContainerImpl.java:53) ~[fabric-loader-0.17.3.jar:?]
	at net.fabricmc.loader.impl.FabricLoaderImpl.invokeEntrypoints(FabricLoaderImpl.java:405) ~[fabric-loader-0.17.3.jar:?]
	... 6 more
Caused by: java.lang.IllegalStateException: Failed to load config
	at knot/xyz.jpenilla.minimotd.common.config.ConfigManager.loadConfigs(ConfigManager.java:79) ~[minimotd-fabric-mc1.21.10-2.2.1.jar:?]
	at knot/xyz.jpenilla.minimotd.common.MiniMOTD.<init>(MiniMOTD.java:52) ~[minimotd-fabric-mc1.21.10-2.2.1.jar:?]
	at knot/xyz.jpenilla.minimotd.fabric.MiniMOTDFabric.<init>(MiniMOTDFabric.java:57) ~[minimotd-fabric-mc1.21.10-2.2.1.jar:?]
	at java.base/jdk.internal.reflect.DirectConstructorHandleAccessor.newInstance(DirectConstructorHandleAccessor.java:62) ~[?:?]
	at java.base/java.lang.reflect.Constructor.newInstanceWithCaller(Constructor.java:502) ~[?:?]
	at java.base/java.lang.reflect.Constructor.newInstance(Constructor.java:486) ~[?:?]
	at net.fabricmc.loader.impl.util.DefaultLanguageAdapter.create(DefaultLanguageAdapter.java:58) ~[fabric-loader-0.17.3.jar:?]
	at net.fabricmc.loader.impl.entrypoint.EntrypointStorage$NewEntry.getOrCreate(EntrypointStorage.java:124) ~[fabric-loader-0.17.3.jar:?]
	at net.fabricmc.loader.impl.entrypoint.EntrypointContainerImpl.getEntrypoint(EntrypointContainerImpl.java:53) ~[fabric-loader-0.17.3.jar:?]
	at net.fabricmc.loader.impl.FabricLoaderImpl.invokeEntrypoints(FabricLoaderImpl.java:405) ~[fabric-loader-0.17.3.jar:?]
	... 6 more
Caused by: minimotd.org.spongepowered.configurate.loader.ParsingException: []@(line 1641, col 0): null
Reader: 1641
^
	at knot/minimotd.org.spongepowered.configurate.hocon.HoconConfigurationLoader.loadInternal(HoconConfigurationLoader.java:249) ~[minimotd-fabric-mc1.21.10-2.2.1.jar:?]
	at knot/minimotd.org.spongepowered.configurate.hocon.HoconConfigurationLoader.loadInternal(HoconConfigurationLoader.java:64) ~[minimotd-fabric-mc1.21.10-2.2.1.jar:?]
	at knot/minimotd.org.spongepowered.configurate.loader.AbstractConfigurationLoader.load(AbstractConfigurationLoader.java:161) ~[minimotd-fabric-mc1.21.10-2.2.1.jar:?]
	at knot/minimotd.org.spongepowered.configurate.loader.AbstractConfigurationLoader.load(AbstractConfigurationLoader.java:69) ~[minimotd-fabric-mc1.21.10-2.2.1.jar:?]
	at knot/minimotd.org.spongepowered.configurate.loader.ConfigurationLoader.load(ConfigurationLoader.java:56) ~[minimotd-fabric-mc1.21.10-2.2.1.jar:?]
	at knot/xyz.jpenilla.minimotd.common.config.ConfigLoader.load(ConfigLoader.java:103) ~[minimotd-fabric-mc1.21.10-2.2.1.jar:?]
	at knot/xyz.jpenilla.minimotd.common.config.ConfigManager.loadConfigs(ConfigManager.java:73) ~[minimotd-fabric-mc1.21.10-2.2.1.jar:?]
	at knot/xyz.jpenilla.minimotd.common.MiniMOTD.<init>(MiniMOTD.java:52) ~[minimotd-fabric-mc1.21.10-2.2.1.jar:?]
	at knot/xyz.jpenilla.minimotd.fabric.MiniMOTDFabric.<init>(MiniMOTDFabric.java:57) ~[minimotd-fabric-mc1.21.10-2.2.1.jar:?]
	at java.base/jdk.internal.reflect.DirectConstructorHandleAccessor.newInstance(DirectConstructorHandleAccessor.java:62) ~[?:?]
	at java.base/java.lang.reflect.Constructor.newInstanceWithCaller(Constructor.java:502) ~[?:?]
	at java.base/java.lang.reflect.Constructor.newInstance(Constructor.java:486) ~[?:?]
	at net.fabricmc.loader.impl.util.DefaultLanguageAdapter.create(DefaultLanguageAdapter.java:58) ~[fabric-loader-0.17.3.jar:?]
	at net.fabricmc.loader.impl.entrypoint.EntrypointStorage$NewEntry.getOrCreate(EntrypointStorage.java:124) ~[fabric-loader-0.17.3.jar:?]
	at net.fabricmc.loader.impl.entrypoint.EntrypointContainerImpl.getEntrypoint(EntrypointContainerImpl.java:53) ~[fabric-loader-0.17.3.jar:?]
	at net.fabricmc.loader.impl.FabricLoaderImpl.invokeEntrypoints(FabricLoaderImpl.java:405) ~[fabric-loader-0.17.3.jar:?]
	... 6 more
Caused by: minimotd.org.spongepowered.configurate.hocon.internal.typesafeconfig.ConfigException$Parse: Reader: 1641: Expecting a value but got wrong token: 'control character 0x8' (JSON does not allow unescaped control character 0x8 in quoted strings, use a backslash escape) (if you intended 'control character 0x8' (JSON does not allow unescaped control character 0x8 in quoted strings, use a backslash escape) to be part of a key or string value, try enclosing the key or value in double quotes, or you may be able to rename the file .properties rather than .conf)
	at knot/minimotd.org.spongepowered.configurate.hocon.internal.typesafeconfig.impl.ConfigDocumentParser$ParseContext.parseError(ConfigDocumentParser.java:201) ~[minimotd-fabric-mc1.21.10-2.2.1.jar:?]
	at knot/minimotd.org.spongepowered.configurate.hocon.internal.typesafeconfig.impl.ConfigDocumentParser$ParseContext.parseError(ConfigDocumentParser.java:197) ~[minimotd-fabric-mc1.21.10-2.2.1.jar:?]
	at knot/minimotd.org.spongepowered.configurate.hocon.internal.typesafeconfig.impl.ConfigDocumentParser$ParseContext.parseValue(ConfigDocumentParser.java:251) ~[minimotd-fabric-mc1.21.10-2.2.1.jar:?]
	at knot/minimotd.org.spongepowered.configurate.hocon.internal.typesafeconfig.impl.ConfigDocumentParser$ParseContext.parseObject(ConfigDocumentParser.java:475) ~[minimotd-fabric-mc1.21.10-2.2.1.jar:?]
	at knot/minimotd.org.spongepowered.configurate.hocon.internal.typesafeconfig.impl.ConfigDocumentParser$ParseContext.parseValue(ConfigDocumentParser.java:247) ~[minimotd-fabric-mc1.21.10-2.2.1.jar:?]
	at knot/minimotd.org.spongepowered.configurate.hocon.internal.typesafeconfig.impl.ConfigDocumentParser$ParseContext.consolidateValues(ConfigDocumentParser.java:152) ~[minimotd-fabric-mc1.21.10-2.2.1.jar:?]
	at knot/minimotd.org.spongepowered.configurate.hocon.internal.typesafeconfig.impl.ConfigDocumentParser$ParseContext.parseArray(ConfigDocumentParser.java:595) ~[minimotd-fabric-mc1.21.10-2.2.1.jar:?]
	at knot/minimotd.org.spongepowered.configurate.hocon.internal.typesafeconfig.impl.ConfigDocumentParser$ParseContext.parseValue(ConfigDocumentParser.java:249) ~[minimotd-fabric-mc1.21.10-2.2.1.jar:?]
	at knot/minimotd.org.spongepowered.configurate.hocon.internal.typesafeconfig.impl.ConfigDocumentParser$ParseContext.consolidateValues(ConfigDocumentParser.java:152) ~[minimotd-fabric-mc1.21.10-2.2.1.jar:?]
	at knot/minimotd.org.spongepowered.configurate.hocon.internal.typesafeconfig.impl.ConfigDocumentParser$ParseContext.parseObject(ConfigDocumentParser.java:473) ~[minimotd-fabric-mc1.21.10-2.2.1.jar:?]
	at knot/minimotd.org.spongepowered.configurate.hocon.internal.typesafeconfig.impl.ConfigDocumentParser$ParseContext.parse(ConfigDocumentParser.java:648) ~[minimotd-fabric-mc1.21.10-2.2.1.jar:?]
	at knot/minimotd.org.spongepowered.configurate.hocon.internal.typesafeconfig.impl.ConfigDocumentParser.parse(ConfigDocumentParser.java:14) ~[minimotd-fabric-mc1.21.10-2.2.1.jar:?]
	at knot/minimotd.org.spongepowered.configurate.hocon.internal.typesafeconfig.impl.Parseable.rawParseValue(Parseable.java:262) ~[minimotd-fabric-mc1.21.10-2.2.1.jar:?]
	at knot/minimotd.org.spongepowered.configurate.hocon.internal.typesafeconfig.impl.Parseable.rawParseValue(Parseable.java:250) ~[minimotd-fabric-mc1.21.10-2.2.1.jar:?]
	at knot/minimotd.org.spongepowered.configurate.hocon.internal.typesafeconfig.impl.Parseable.parseValue(Parseable.java:180) ~[minimotd-fabric-mc1.21.10-2.2.1.jar:?]
	at knot/minimotd.org.spongepowered.configurate.hocon.internal.typesafeconfig.impl.Parseable.parseValue(Parseable.java:174) ~[minimotd-fabric-mc1.21.10-2.2.1.jar:?]
	at knot/minimotd.org.spongepowered.configurate.hocon.internal.typesafeconfig.impl.Parseable.parse(Parseable.java:301) ~[minimotd-fabric-mc1.21.10-2.2.1.jar:?]
	at knot/minimotd.org.spongepowered.configurate.hocon.internal.typesafeconfig.ConfigFactory.parseReader(ConfigFactory.java:727) ~[minimotd-fabric-mc1.21.10-2.2.1.jar:?]
	at knot/minimotd.org.spongepowered.configurate.hocon.internal.typesafeconfig.ConfigFactory.parseReader(ConfigFactory.java:741) ~[minimotd-fabric-mc1.21.10-2.2.1.jar:?]
	at knot/minimotd.org.spongepowered.configurate.hocon.HoconConfigurationLoader.loadInternal(HoconConfigurationLoader.java:246) ~[minimotd-fabric-mc1.21.10-2.2.1.jar:?]
	at knot/minimotd.org.spongepowered.configurate.hocon.HoconConfigurationLoader.loadInternal(HoconConfigurationLoader.java:64) ~[minimotd-fabric-mc1.21.10-2.2.1.jar:?]
	at knot/minimotd.org.spongepowered.configurate.loader.AbstractConfigurationLoader.load(AbstractConfigurationLoader.java:161) ~[minimotd-fabric-mc1.21.10-2.2.1.jar:?]
	at knot/minimotd.org.spongepowered.configurate.loader.AbstractConfigurationLoader.load(AbstractConfigurationLoader.java:69) ~[minimotd-fabric-mc1.21.10-2.2.1.jar:?]
	at knot/minimotd.org.spongepowered.configurate.loader.ConfigurationLoader.load(ConfigurationLoader.java:56) ~[minimotd-fabric-mc1.21.10-2.2.1.jar:?]
	at knot/xyz.jpenilla.minimotd.common.config.ConfigLoader.load(ConfigLoader.java:103) ~[minimotd-fabric-mc1.21.10-2.2.1.jar:?]
	at knot/xyz.jpenilla.minimotd.common.config.ConfigManager.loadConfigs(ConfigManager.java:73) ~[minimotd-fabric-mc1.21.10-2.2.1.jar:?]
	at knot/xyz.jpenilla.minimotd.common.MiniMOTD.<init>(MiniMOTD.java:52) ~[minimotd-fabric-mc1.21.10-2.2.1.jar:?]
	at knot/xyz.jpenilla.minimotd.fabric.MiniMOTDFabric.<init>(MiniMOTDFabric.java:57) ~[minimotd-fabric-mc1.21.10-2.2.1.jar:?]
	at java.base/jdk.internal.reflect.DirectConstructorHandleAccessor.newInstance(DirectConstructorHandleAccessor.java:62) ~[?:?]
	at java.base/java.lang.reflect.Constructor.newInstanceWithCaller(Constructor.java:502) ~[?:?]
	at java.base/java.lang.reflect.Constructor.newInstance(Constructor.java:486) ~[?:?]
	at net.fabricmc.loader.impl.util.DefaultLanguageAdapter.create(DefaultLanguageAdapter.java:58) ~[fabric-loader-0.17.3.jar:?]
	at net.fabricmc.loader.impl.entrypoint.EntrypointStorage$NewEntry.getOrCreate(EntrypointStorage.java:124) ~[fabric-loader-0.17.3.jar:?]
	at net.fabricmc.loader.impl.entrypoint.EntrypointContainerImpl.getEntrypoint(EntrypointContainerImpl.java:53) ~[fabric-loader-0.17.3.jar:?]
	at net.fabricmc.loader.impl.FabricLoaderImpl.invokeEntrypoints(FabricLoaderImpl.java:405) ~[fabric-loader-0.17.3.jar:?]
	... 6 more
